// Jest Snapshot v1, https://goo.gl/fbAQLP

exports[`PayoutPeriodCalendarButton renders correctly 1`] = `
<div class="calendar-button"><span class="label">April, 2021</span> <svg width="8" height="4" viewBox="0 0 8 4" fill="none" xmlns="http://www.w3.org/2000/svg">
    <path d="M3.33657 3.73107C3.70296 4.09114 4.29941 4.08814 4.66237 3.73107L7.79796 0.650836C8.16435 0.291517 8.01864 0 7.47247 0L0.526407 0C-0.0197628 0 -0.16292 0.294525 0.200917 0.650836L3.33657 3.73107Z" fill="currentColor"></path>
  </svg>
  <!---->
</div>
`;

exports[`PayoutPeriodCalendarButton triggers open calendar correctly 1`] = `
<div class="calendar-button"><span class="label">April, 2021</span> <svg width="8" height="4" viewBox="0 0 8 4" fill="none" xmlns="http://www.w3.org/2000/svg">
    <path d="M3.33657 3.73107C3.70296 4.09114 4.29941 4.08814 4.66237 3.73107L7.79796 0.650836C8.16435 0.291517 8.01864 0 7.47247 0L0.526407 0C-0.0197628 0 -0.16292 0.294525 0.200917 0.650836L3.33657 3.73107Z" fill="currentColor"></path>
  </svg>
  <payout-period-calendar-stub class="calendar-button__calendar"></payout-period-calendar-stub>
</div>
`;
