// Jest Snapshot v1, https://goo.gl/fbAQLP

exports[`AllSatellitesAuditsArea renders correctly with actual values 1`] = `
<div class="audits-area">
  <div class="audits-area__content">
    <div class="audits-area__content__item">
      <div class="audits-area__content__item__header">
        <p class="audits-area__content__item__header__satellite-name">name1</p>
        <disqualifyicon-stub class="disqualification"></disqualifyicon-stub>
      </div>
      <div class="audits-area__content__item__divider"></div>
      <div class="audits-area__content__item__info">
        <p class="audits-area__content__item__info__label">Suspension</p>
        <p class="audits-area__content__item__info__value">100 %</p>
      </div>
      <div class="audits-area__content__item__info">
        <p class="audits-area__content__item__info__label">Audit</p>
        <p class="audits-area__content__item__info__value">100 %</p>
      </div>
      <div class="audits-area__content__item__info">
        <p class="audits-area__content__item__info__label">Online</p>
        <p class="audits-area__content__item__info__value disqualification">50 %</p>
      </div>
      <div class="audits-area__content__item__info">
        <p class="audits-area__content__item__info__label">Vetted</p>
        <p class="audits-area__content__item__info__value vetted">1/15/2023</p>
      </div>
    </div>
    <div class="audits-area__content__item">
      <div class="audits-area__content__item__header">
        <p class="audits-area__content__item__header__satellite-name">name2</p>
        <disqualifyicon-stub class="disqualification"></disqualifyicon-stub>
      </div>
      <div class="audits-area__content__item__divider"></div>
      <div class="audits-area__content__item__info">
        <p class="audits-area__content__item__info__label">Suspension</p>
        <p class="audits-area__content__item__info__value">100 %</p>
      </div>
      <div class="audits-area__content__item__info">
        <p class="audits-area__content__item__info__label">Audit</p>
        <p class="audits-area__content__item__info__value disqualification">50 %</p>
      </div>
      <div class="audits-area__content__item__info">
        <p class="audits-area__content__item__info__label">Online</p>
        <p class="audits-area__content__item__info__value warning">97 %</p>
      </div>
      <div class="audits-area__content__item__info">
        <p class="audits-area__content__item__info__label">Vetted</p>
        <p class="audits-area__content__item__info__value not-vetted">Not vetted</p>
      </div>
    </div>
    <div class="audits-area__content__item">
      <div class="audits-area__content__item__header">
        <p class="audits-area__content__item__header__satellite-name">name3</p>
        <disqualifyicon-stub class="warning"></disqualifyicon-stub>
      </div>
      <div class="audits-area__content__item__divider"></div>
      <div class="audits-area__content__item__info">
        <p class="audits-area__content__item__info__label">Suspension</p>
        <p class="audits-area__content__item__info__value">100 %</p>
      </div>
      <div class="audits-area__content__item__info">
        <p class="audits-area__content__item__info__label">Audit</p>
        <p class="audits-area__content__item__info__value warning">97 %</p>
      </div>
      <div class="audits-area__content__item__info">
        <p class="audits-area__content__item__info__label">Online</p>
        <p class="audits-area__content__item__info__value">100 %</p>
      </div>
      <div class="audits-area__content__item__info">
        <p class="audits-area__content__item__info__label">Vetted</p>
        <p class="audits-area__content__item__info__value vetted">1/15/2023</p>
      </div>
    </div>
  </div>
  <!---->
</div>
`;
